
Create Linode cluster 
    https://cloud.linode.com/kubernetes/create
        add 3 Linodes 2GB for $30.00/month

Download kubeconfig and save it into "C:\kubes/linode-kube-config.yaml"      

$ kubectl apply -k ./     # launch program on Linode
 
$ kubectl get pods -w     # wait until they are all running before getting service ips

$ kubectl get svc         # get external ips 








Show pod errors:
$ kubectl logs node--webserver--service-5c844d7c74-s5j2v     


Enter container
$ kubectl exec --stdin --tty node--webserver--service-6f5cf6f9fc-vrkl7 -- /bin/bash





